// Jest Snapshot v1, https://goo.gl/fbAQLP

exports[`About render correctly 1`] = `
<div>
  <h1>
    About
  </h1>
  <div>
    <p>
      We also need to edit our server.jsx file and call Helmet.renderStatic() after ReactDOMServer.renderToString to be able to use the head data in our prerender.
    </p>
    <p>
      We also need to edit our server.jsx file and call Helmet.renderStatic() after ReactDOMServer.renderToString to be able to use the head data in our prerender.
    </p>
    <p>
      We also need to edit our server.jsx file and call Helmet.renderStatic() after ReactDOMServer.renderToString to be able to use the head data in our prerender.
    </p>
  </div>
</div>
`;
